C51 COMPILER V9.60.7.0   PASSWORD_PROTECTION                                               05/26/2024 13:24:40 PAGE 1   


C51 COMPILER V9.60.7.0, COMPILATION OF MODULE PASSWORD_PROTECTION
OBJECT MODULE PLACED IN .\Objects\password_protection.obj
COMPILER INVOKED BY: C:\Keil_v5\C51\BIN\C51.EXE password_protection.c OPTIMIZE(8,SPEED) BROWSE DEBUG OBJECTEXTEND PRINT(
                    -.\Listings\password_protection.lst) TABS(2) OBJECT(.\Objects\password_protection.obj)

line level    source

   1          #include<reg51.h>
   2          //KEYPAD CONNECTION
   3          sbit r1 = P1^0;
   4          sbit r2 = P1^1;
   5          sbit r3 = P1^2;
   6          sbit r4 = P1^3;
   7          sbit c1 = P1^4;
   8          sbit c2 = P1^5;
   9          sbit c3 = P1^6;
  10          //LCD CONNECTION
  11          sbit rs = P3^0;
  12          sbit rw = P3^1;
  13          sbit en = P3^2;
  14          //MOTOR CONNECTION
  15          sbit motp = P3^3;
  16          sbit motn = P3^4;
  17          //FUNCTION DECLARATION
  18          void delay();
  19          void lcdcmd(unsigned char);
  20          void lcddat(unsigned char);
  21          void lcddisplay(unsigned char *,unsigned char);
  22          void check();
  23          //GLOBAL VARIABLE
  24          unsigned char p[8],x;
  25          //MAIN
  26          void main(){
  27   1        P2=0x00;
  28   1        lcdcmd(0x38);
  29   1        lcdcmd(0x01);
  30   1        lcdcmd(0x10);
  31   1        lcdcmd(0x0c);
  32   1        lcdcmd(0x81);
  33   1        lcddisplay("PASSWORD PROTECTION",19);
  34   1        lcdcmd(0xc0);
  35   1        lcddisplay("SYSTEM",6);
  36   1        lcdcmd(0x01);
  37   1        lcddisplay("ENTER PASSWORD",14);
  38   1        lcdcmd(0Xc0);
  39   1        while(1){
  40   2          r1=0;
  41   2          if(c1==0){
  42   3            p[x]='1';
  43   3            delay();delay();delay();delay();delay();delay();delay();delay();delay();
  44   3            lcddat('*');
  45   3            x=x+1;
  46   3          }
  47   2          if(c2==0){
  48   3            p[x]='2';
  49   3            delay();delay();delay();delay();delay();delay();delay();delay();delay();
  50   3            lcddat('*');
  51   3            x=x+1;
  52   3          }
  53   2          if(c3==0){
  54   3            p[x]='3';
C51 COMPILER V9.60.7.0   PASSWORD_PROTECTION                                               05/26/2024 13:24:40 PAGE 2   

  55   3            delay();delay();delay();delay();delay();delay();delay();delay();delay();
  56   3            lcddat('*');
  57   3            x=x+1;
  58   3          }
  59   2          r1=1;r2=0;
  60   2          if(c1==0){
  61   3            p[x]='4';
  62   3            delay();delay();delay();delay();delay();delay();delay();delay();delay();
  63   3            lcddat('*');
  64   3            x=x+1;
  65   3          }
  66   2          if(c2==0){
  67   3            p[x]='5';
  68   3            delay();delay();delay();delay();delay();delay();delay();delay();delay();
  69   3            lcddat('*');
  70   3            x=x+1;
  71   3          }
  72   2          if(c3==0){
  73   3            p[x]='6';
  74   3            delay();delay();delay();delay();delay();delay();delay();delay();delay();
  75   3            lcddat('*');
  76   3            x=x+1;
  77   3          }
  78   2          r2=1;r3=0;
  79   2          if(c1==0){
  80   3            p[x]='7';
  81   3            delay();delay();delay();delay();delay();delay();delay();delay();delay();
  82   3            lcddat('*');
  83   3            x=x+1;
  84   3          }
  85   2          if(c2==0){
  86   3            p[x]='8';
  87   3            delay();delay();delay();delay();delay();delay();delay();delay();delay();
  88   3            lcddat('*');
  89   3            x=x+1;
  90   3          }
  91   2          if(c3==0){
  92   3            p[x]='9';
  93   3            delay();delay();delay();delay();delay();delay();delay();delay();delay();
  94   3            lcddat('*');
  95   3            x=x+1;
  96   3          }
  97   2          r3=1;r4=0;
  98   2          if(c1==0){
  99   3            p[x]='*';
 100   3            delay();delay();delay();delay();delay();delay();delay();delay();delay();
 101   3            lcddat('*');
 102   3            x=x+1;
 103   3          }
 104   2          if(c2==0){
 105   3            p[x]='0';
 106   3            delay();delay();delay();delay();delay();delay();delay();delay();delay();
 107   3            lcddat('*');
 108   3            x=x+1;
 109   3          }
 110   2          if(c3==0){
 111   3            check();
 112   3            delay();
 113   3            delay();
 114   3          }
 115   2          r4=1;
 116   2        }
C51 COMPILER V9.60.7.0   PASSWORD_PROTECTION                                               05/26/2024 13:24:40 PAGE 3   

 117   1      }
 118          //LCD CMD
 119          void lcdcmd(unsigned char var){
 120   1        P2=var;
 121   1        rs=0;
 122   1        rw=0;
 123   1        en=1;
 124   1        delay();
 125   1        en=0;
 126   1      }
 127          //LCD DATA
 128          void lcddat(unsigned char val){
 129   1        P2=val;
 130   1        rs=1;
 131   1        rw=0;
 132   1        en=1;
 133   1        delay();
 134   1        en=0;
 135   1      }
 136          //LCD DISPLAY
 137          void lcddisplay(unsigned char *s,unsigned char r){
 138   1        unsigned char w;
 139   1        for(w=0;w<r;w++){
 140   2          lcddat(s[w]);
 141   2          delay();
 142   2        }
 143   1      }
 144          //DELAY
 145          void delay(){
 146   1        unsigned int i,j;
 147   1        for(i=0;i<4000;i++);
 148   1        for(j=0;j<100;j++);
 149   1      }
 150          //CHECK
 151          void check(){
 152   1        if(p[0]=='1' && p[1]=='3' && p[2]=='1' && p[3]=='2' && p[4]=='2' && p[5]=='0' && p[6]=='0' && p[7]=='4'){
 153   2          motp=1;
 154   2          motn=0;
 155   2        lcdcmd(0x01);
 156   2        lcddisplay("PASSWORD MATCHED",16);
 157   2        delay();
 158   2        }
 159   1        else{
 160   2          lcdcmd(0x01);
 161   2          lcddisplay("PASSWORD WRONG",14);
 162   2          delay();
 163   2        }
 164   1      }


MODULE INFORMATION:   STATIC OVERLAYABLE
   CODE SIZE        =    778    ----
   CONSTANT SIZE    =     74    ----
   XDATA SIZE       =   ----    ----
   PDATA SIZE       =   ----    ----
   DATA SIZE        =      9       5
   IDATA SIZE       =   ----    ----
   BIT SIZE         =   ----    ----
END OF MODULE INFORMATION.


C51 COMPILATION COMPLETE.  0 WARNING(S),  0 ERROR(S)
